// Jest Snapshot v1, https://goo.gl/fbAQLP

exports[`displaying a skillr 1`] = `
<div>
  <span>
    <span
      style="background-color: green; border-radius: 50%; height: 10px; width: 10px; display: inline-block; margin-right: 5px;"
    />
    <img
      alt="Profile image for @username"
      src="https://via.placeholder.com/150"
      style="height: 150px; width: 200px;"
    />
    <a
      href="/skillrs/1"
    >
      @
      username
    </a>
    <sub>
      Skillr skill name
    </sub>
  </span>
</div>
`;
